// Jest Snapshot v1, https://goo.gl/fbAQLP

exports[`screen-reader-reader should get the screen reader output for some web pages: https://jestjs.io/en/help 1`] = `"banner link JEST list  7 items link Docs link API visited link Help link Blog link English Menu pop-up combo box Search link GitHub heading level 2 Need help? heading level 2 Browse the docs list  4 items ‚Ä¢ Learn how to link get started ‚Ä¢  bullet link Troubleshoot ‚Ä¢ Learn how to link configure Jest ‚Ä¢ Look at the full link API Reference heading level 2 Join the community list  2 items ‚Ä¢ Join the link #jest channel on link Reactiflux link existing questions tagged with jestjs or link ask your own heading level 2 Stay up to date list  3 items ‚Ä¢ Follow link Jest ‚Ä¢ Subscribe to the link Jest blog ‚Ä¢ Look at the link changelog Jest group Jest image heading level 5 Docs link Getting Started link Guides link API Reference heading level 5 Community link Stack Overflow link Jest Chat link Twitter heading level 5 More link Blog link GitHub link Star facebook/jest on GitHub link image Facebook Open Source"`;

exports[`screen-reader-reader should get the screen reader output for some web pages: https://www.apple.com/voiceover/info/guide/_1121.html 1`] = `"heading level 2 About VoiceOver heading level 2 About the VoiceOver cursor, mouse pointer, and keyboard focus heading level 2 About keyboard shortcuts and VoiceOver heading level 2 Using function keys on some keyboards To change the default behavior of function keys: list  2 items"`;

exports[`screen-reader-reader should get the screen reader output for some web pages: https://www.google.com 1`] = `"link Gmail link Images Google apps collapsed button link Sign in Search combo box Search by voice button Google Search button I'm Feeling Lucky button Google image Google offered in: link svenska A privacy reminder from Google REMIND ME LATER button REMIND ME LATER REVIEW NOW button Sweden link Privacy link Terms Settings pop-up button link Advertising link Business link About link How Search works"`;

exports[`screen-reader-reader should get the screen reader output for some web pages: https://www.typescriptlang.org/ 1`] = `"link Skip to main content link image TypeScript Home Page list  4 items link Documentation link Download link Connect link Playground link Download the latest version of TypeScript the latest version today! link Learn more about Microsoft's Cookie Policy Logo image link Jump to Downloads link Documentation heading level 2 link #iHeartTypeScript Previous button Dave Herman @littlecalculist I ported my first nontrivial JS lib to link @typescriptlang Gabriela Mendes  image Gabriela Mendes @Kappyh link @typescriptlang is really awesome O-O' Thiago Script üå¥üòéüèñ  image Thiago Script üå¥üòéüèñ @thiagoviski link #TypeScript is really awesome! I'm glad to see people are using it in some of link #Preact link #FrontEnd link #Webpack link #Programming Next button heading level 3 2 items Starts and ends with JavaScript JavaScript heading level 3 2 items Strong tools for large apps Strong tools for large apps heading level 3 2 items State of the art JavaScript State of the art JavaScript link Learn it fast heading level 1 Get TypeScript definition list  2 items INSTALL npm install -g typescript definition list  2 items COMPILE heading level 3 Visual Studio list  3 items link Visual Studio 2019 link Visual Studio Code link Visual Studio 2017 list  3 items link Sublime Text link Atom link Eclipse list  3 items link Emacs link WebStorm link Vim heading level 1 See TypeScript in Action heading level 1 Open Source list  3 items ‚ñ†  bullet Read link the specification on GitHub or download it as a link docx or link pdf ‚ñ†  bullet Play with the link bits and link file bugs ‚ñ†  bullet Join the link #typescript Twitter discussion and link follow the GitHub project link Get the source code heading level 1 Why TypeScript? Previous button Next button Next link See more friends of TypeScript Contribute Help shape the future of TypeScript by joining our community today and send us pull requests via our link GitHub repository Learn link Docs - To help you get started link GitHub & link Stack Overflow - File and discuss issues link Blog & link Twitter - Stay up to date Made with in Redmond link Follow @typescript Microsoft logo image ¬©2012-2019 Microsoft link Privacy"`;
